

================================================================
== Vitis HLS Report for 'Gamma_Pipeline_VITIS_LOOP_327_4'
================================================================
* Date:           Thu Nov 13 19:31:35 2025

* Version:        2024.2 (Build 5238294 on Nov  8 2024)
* Project:        prj
* Solution:       sol (Vivado IP Flow Target)
* Product family: zynquplus
* Target device:  xczu2cg-sfvc784-1-e


================================================================
== Performance Estimates
================================================================
+ Timing: 
    * Summary: 
    +--------+---------+----------+------------+
    |  Clock |  Target | Estimated| Uncertainty|
    +--------+---------+----------+------------+
    |ap_clk  |  6.67 ns|  3.608 ns|     1.80 ns|
    +--------+---------+----------+------------+

+ Latency: 
    * Summary: 
    +---------+---------+----------+-----------+-----+------+------------------------------------------------+
    |  Latency (cycles) |  Latency (absolute)  |  Interval  |                    Pipeline                    |
    |   min   |   max   |    min   |    max    | min |  max |                      Type                      |
    +---------+---------+----------+-----------+-----+------+------------------------------------------------+
    |       67|     1923|  0.447 us|  12.821 us|   65|  1921|  loop auto-rewind stp (delay=0 clock cycles(s))|
    +---------+---------+----------+-----------+-----+------+------------------------------------------------+

    + Detail: 
        * Instance: 
        N/A

        * Loop: 
        +--------------------+---------+---------+----------+-----------+-----------+-----------+----------+
        |                    |  Latency (cycles) | Iteration|  Initiation Interval  |    Trip   |          |
        |      Loop Name     |   min   |   max   |  Latency |  achieved |   target  |   Count   | Pipelined|
        +--------------------+---------+---------+----------+-----------+-----------+-----------+----------+
        |- VITIS_LOOP_327_4  |       65|     1921|         3|          1|          1|  64 ~ 1920|       yes|
        +--------------------+---------+---------+----------+-----------+-----------+-----------+----------+

============================================================
+ Verbose Summary: Synthesis Manager
============================================================
InlineROM: 1
ExposeGlobal: 0
============================================================
+ Verbose Summary: CDFG Model
============================================================
IsTopModel: 0
ResetActiveHigh: 1
IsCombinational: 0
IsDatapathOnly: 0
HasWiredReturn: 1
HasMFsm: 2
HasVarLatency: 1
IsPipeline: 0
IsRtlPipelined: 0
IsInstanceOverlapped: 0
IsDontTouch: 0
HasImplIP: 0
IsGatedGlobalClock: 0

+ Individual pipeline summary: 
  * Pipeline-0: initiation interval (II) = 1, depth = 3


============================================================
+ Verbose Summary: Schedule
============================================================
* Number of FSM states : 3
* Pipeline : 1
  Pipeline-0 : II = 1, D = 3, States = { 1 2 3 }
* Dataflow Pipeline: 0

* FSM state transitions: 
1 --> 2 
2 --> 3 
3 --> 

* FSM state operations: 

State 1 <SV = 0> <Delay = 1.92>
ST_1 : Operation 6 [1/1] (0.00ns)   --->   "%x = alloca i32 1" [E:/Dev/QianSai/mipi_dp_vivado/mipi_dp.runs/design_1_v_gamma_lut_0_0_synth_1/prj/sol/.autopilot/db/v_gamma_lut.cpp:303->E:/Dev/QianSai/mipi_dp_vivado/mipi_dp.runs/design_1_v_gamma_lut_0_0_synth_1/prj/sol/.autopilot/db/v_gamma_lut.cpp:146]   --->   Operation 6 'alloca' 'x' <Predicate = true> <Delay = 0.00>
ST_1 : Operation 7 [1/1] (0.00ns)   --->   "%specinterface_ln0 = specinterface void @_ssdm_op_SpecInterface, i30 %imgRgb, void @empty_12, i32 0, i32 0, void @empty_3, i32 0, i32 0, void @empty_3, void @empty_3, void @empty_3, i32 0, i32 0, i32 0, i32 0, void @empty_3, void @empty_3, i32 4294967295, i32 0, i32 0"   --->   Operation 7 'specinterface' 'specinterface_ln0' <Predicate = true> <Delay = 0.00>
ST_1 : Operation 8 [1/1] (0.00ns)   --->   "%specinterface_ln0 = specinterface void @_ssdm_op_SpecInterface, i30 %imgGamma, void @empty_12, i32 0, i32 0, void @empty_3, i32 0, i32 0, void @empty_3, void @empty_3, void @empty_3, i32 0, i32 0, i32 0, i32 0, void @empty_3, void @empty_3, i32 4294967295, i32 0, i32 0"   --->   Operation 8 'specinterface' 'specinterface_ln0' <Predicate = true> <Delay = 0.00>
ST_1 : Operation 9 [1/1] (0.00ns)   --->   "%tmp = read i11 @_ssdm_op_Read.ap_auto.i11, i11 %empty"   --->   Operation 9 'read' 'tmp' <Predicate = true> <Delay = 0.00>
ST_1 : Operation 10 [1/1] (0.48ns)   --->   "%store_ln303 = store i11 0, i11 %x" [E:/Dev/QianSai/mipi_dp_vivado/mipi_dp.runs/design_1_v_gamma_lut_0_0_synth_1/prj/sol/.autopilot/db/v_gamma_lut.cpp:303->E:/Dev/QianSai/mipi_dp_vivado/mipi_dp.runs/design_1_v_gamma_lut_0_0_synth_1/prj/sol/.autopilot/db/v_gamma_lut.cpp:146]   --->   Operation 10 'store' 'store_ln303' <Predicate = true> <Delay = 0.48>
ST_1 : Operation 11 [1/1] (0.00ns)   --->   "%br_ln327 = br void %VITIS_LOOP_335_5.i" [E:/Dev/QianSai/mipi_dp_vivado/mipi_dp.runs/design_1_v_gamma_lut_0_0_synth_1/prj/sol/.autopilot/db/v_gamma_lut.cpp:327->E:/Dev/QianSai/mipi_dp_vivado/mipi_dp.runs/design_1_v_gamma_lut_0_0_synth_1/prj/sol/.autopilot/db/v_gamma_lut.cpp:146]   --->   Operation 11 'br' 'br_ln327' <Predicate = true> <Delay = 0.00>
ST_1 : Operation 12 [1/1] (0.00ns)   --->   "%x_1 = load i11 %x" [E:/Dev/QianSai/mipi_dp_vivado/mipi_dp.runs/design_1_v_gamma_lut_0_0_synth_1/prj/sol/.autopilot/db/v_gamma_lut.cpp:327->E:/Dev/QianSai/mipi_dp_vivado/mipi_dp.runs/design_1_v_gamma_lut_0_0_synth_1/prj/sol/.autopilot/db/v_gamma_lut.cpp:146]   --->   Operation 12 'load' 'x_1' <Predicate = true> <Delay = 0.00>
ST_1 : Operation 13 [1/1] (0.94ns)   --->   "%icmp_ln327 = icmp_eq  i11 %x_1, i11 %tmp" [E:/Dev/QianSai/mipi_dp_vivado/mipi_dp.runs/design_1_v_gamma_lut_0_0_synth_1/prj/sol/.autopilot/db/v_gamma_lut.cpp:327->E:/Dev/QianSai/mipi_dp_vivado/mipi_dp.runs/design_1_v_gamma_lut_0_0_synth_1/prj/sol/.autopilot/db/v_gamma_lut.cpp:146]   --->   Operation 13 'icmp' 'icmp_ln327' <Predicate = true> <Delay = 0.94> <CoreInst = "Cmp">   --->   Core 9 'Cmp' <Latency = 0> <II = 1> <Delay = 0.94> <FuncUnit> <Opcode : 'seteq' 'setne' 'setle' 'setge' 'setlt' 'setgt'> <InPorts = 2> <OutPorts = 1>
ST_1 : Operation 14 [1/1] (0.00ns)   --->   "%speclooptripcount_ln0 = speclooptripcount void @_ssdm_op_SpecLoopTripCount, i64 64, i64 1920, i64 0"   --->   Operation 14 'speclooptripcount' 'speclooptripcount_ln0' <Predicate = true> <Delay = 0.00>
ST_1 : Operation 15 [1/1] (0.94ns)   --->   "%x_2 = add i11 %x_1, i11 1" [E:/Dev/QianSai/mipi_dp_vivado/mipi_dp.runs/design_1_v_gamma_lut_0_0_synth_1/prj/sol/.autopilot/db/v_gamma_lut.cpp:327->E:/Dev/QianSai/mipi_dp_vivado/mipi_dp.runs/design_1_v_gamma_lut_0_0_synth_1/prj/sol/.autopilot/db/v_gamma_lut.cpp:146]   --->   Operation 15 'add' 'x_2' <Predicate = true> <Delay = 0.94> <CoreInst = "Adder">   --->   Core 1 'Adder' <Latency = 0> <II = 1> <Delay = 0.94> <FuncUnit> <Opcode : 'add' 'sub'> <InPorts = 2> <OutPorts = 1>
ST_1 : Operation 16 [1/1] (0.00ns)   --->   "%br_ln327 = br i1 %icmp_ln327, void %VITIS_LOOP_335_5.split.i, void %for.inc97.loopexit.i.exitStub" [E:/Dev/QianSai/mipi_dp_vivado/mipi_dp.runs/design_1_v_gamma_lut_0_0_synth_1/prj/sol/.autopilot/db/v_gamma_lut.cpp:327->E:/Dev/QianSai/mipi_dp_vivado/mipi_dp.runs/design_1_v_gamma_lut_0_0_synth_1/prj/sol/.autopilot/db/v_gamma_lut.cpp:146]   --->   Operation 16 'br' 'br_ln327' <Predicate = true> <Delay = 0.00>
ST_1 : Operation 17 [1/1] (0.48ns)   --->   "%store_ln303 = store i11 %x_2, i11 %x" [E:/Dev/QianSai/mipi_dp_vivado/mipi_dp.runs/design_1_v_gamma_lut_0_0_synth_1/prj/sol/.autopilot/db/v_gamma_lut.cpp:303->E:/Dev/QianSai/mipi_dp_vivado/mipi_dp.runs/design_1_v_gamma_lut_0_0_synth_1/prj/sol/.autopilot/db/v_gamma_lut.cpp:146]   --->   Operation 17 'store' 'store_ln303' <Predicate = (!icmp_ln327)> <Delay = 0.48>

State 2 <SV = 1> <Delay = 3.60>
ST_2 : Operation 18 [1/1] ( I:2.25ns O:2.25ns )   --->   "%imgRgb_read = read i30 @_ssdm_op_Read.ap_fifo.volatile.i30P0A, i30 %imgRgb" [E:/Dev/QianSai/mipi_dp_vivado/mipi_dp.runs/design_1_v_gamma_lut_0_0_synth_1/prj/sol/.autopilot/db/v_gamma_lut.cpp:333->E:/Dev/QianSai/mipi_dp_vivado/mipi_dp.runs/design_1_v_gamma_lut_0_0_synth_1/prj/sol/.autopilot/db/v_gamma_lut.cpp:146]   --->   Operation 18 'read' 'imgRgb_read' <Predicate = true> <Delay = 2.25> <CoreInst = "FIFO_SRL">   --->   Core 80 'FIFO_SRL' <Latency = 0> <II = 1> <Delay = 2.25> <Storage> <Opcode : 'read' 'write' 'nbread' 'nbwrite'> <Ports = 0> <Width = 30> <Depth = 16> <FIFO>
ST_2 : Operation 19 [1/1] (0.00ns)   --->   "%g = trunc i30 %imgRgb_read" [E:/Dev/QianSai/mipi_dp_vivado/mipi_dp.runs/design_1_v_gamma_lut_0_0_synth_1/prj/sol/.autopilot/db/v_gamma_lut.cpp:333->E:/Dev/QianSai/mipi_dp_vivado/mipi_dp.runs/design_1_v_gamma_lut_0_0_synth_1/prj/sol/.autopilot/db/v_gamma_lut.cpp:146]   --->   Operation 19 'trunc' 'g' <Predicate = true> <Delay = 0.00>
ST_2 : Operation 20 [1/1] (0.00ns)   --->   "%b = partselect i10 @_ssdm_op_PartSelect.i10.i30.i32.i32, i30 %imgRgb_read, i32 10, i32 19" [E:/Dev/QianSai/mipi_dp_vivado/mipi_dp.runs/design_1_v_gamma_lut_0_0_synth_1/prj/sol/.autopilot/db/v_gamma_lut.cpp:333->E:/Dev/QianSai/mipi_dp_vivado/mipi_dp.runs/design_1_v_gamma_lut_0_0_synth_1/prj/sol/.autopilot/db/v_gamma_lut.cpp:146]   --->   Operation 20 'partselect' 'b' <Predicate = true> <Delay = 0.00>
ST_2 : Operation 21 [1/1] (0.00ns)   --->   "%r = partselect i10 @_ssdm_op_PartSelect.i10.i30.i32.i32, i30 %imgRgb_read, i32 20, i32 29" [E:/Dev/QianSai/mipi_dp_vivado/mipi_dp.runs/design_1_v_gamma_lut_0_0_synth_1/prj/sol/.autopilot/db/v_gamma_lut.cpp:333->E:/Dev/QianSai/mipi_dp_vivado/mipi_dp.runs/design_1_v_gamma_lut_0_0_synth_1/prj/sol/.autopilot/db/v_gamma_lut.cpp:146]   --->   Operation 21 'partselect' 'r' <Predicate = true> <Delay = 0.00>
ST_2 : Operation 22 [1/1] (0.00ns)   --->   "%zext_ln341 = zext i10 %g" [E:/Dev/QianSai/mipi_dp_vivado/mipi_dp.runs/design_1_v_gamma_lut_0_0_synth_1/prj/sol/.autopilot/db/v_gamma_lut.cpp:341->E:/Dev/QianSai/mipi_dp_vivado/mipi_dp.runs/design_1_v_gamma_lut_0_0_synth_1/prj/sol/.autopilot/db/v_gamma_lut.cpp:146]   --->   Operation 22 'zext' 'zext_ln341' <Predicate = true> <Delay = 0.00>
ST_2 : Operation 23 [1/1] (0.00ns)   --->   "%lut_1_addr = getelementptr i10 %lut_1, i64 0, i64 %zext_ln341" [E:/Dev/QianSai/mipi_dp_vivado/mipi_dp.runs/design_1_v_gamma_lut_0_0_synth_1/prj/sol/.autopilot/db/v_gamma_lut.cpp:341->E:/Dev/QianSai/mipi_dp_vivado/mipi_dp.runs/design_1_v_gamma_lut_0_0_synth_1/prj/sol/.autopilot/db/v_gamma_lut.cpp:146]   --->   Operation 23 'getelementptr' 'lut_1_addr' <Predicate = true> <Delay = 0.00>
ST_2 : Operation 24 [2/2] (1.35ns)   --->   "%lut_1_load = load i10 %lut_1_addr" [E:/Dev/QianSai/mipi_dp_vivado/mipi_dp.runs/design_1_v_gamma_lut_0_0_synth_1/prj/sol/.autopilot/db/v_gamma_lut.cpp:341->E:/Dev/QianSai/mipi_dp_vivado/mipi_dp.runs/design_1_v_gamma_lut_0_0_synth_1/prj/sol/.autopilot/db/v_gamma_lut.cpp:146]   --->   Operation 24 'load' 'lut_1_load' <Predicate = true> <Delay = 1.35> <CoreInst = "RAM">   --->   Core 82 'RAM' <Latency = 1> <II = 1> <Delay = 1.35> <Storage> <Opcode : 'load' 'store'> <Ports = 2> <Width = 10> <Depth = 1024> <RAM>
ST_2 : Operation 25 [1/1] (0.00ns)   --->   "%zext_ln342 = zext i10 %b" [E:/Dev/QianSai/mipi_dp_vivado/mipi_dp.runs/design_1_v_gamma_lut_0_0_synth_1/prj/sol/.autopilot/db/v_gamma_lut.cpp:342->E:/Dev/QianSai/mipi_dp_vivado/mipi_dp.runs/design_1_v_gamma_lut_0_0_synth_1/prj/sol/.autopilot/db/v_gamma_lut.cpp:146]   --->   Operation 25 'zext' 'zext_ln342' <Predicate = true> <Delay = 0.00>
ST_2 : Operation 26 [1/1] (0.00ns)   --->   "%lut_2_addr = getelementptr i10 %lut_2, i64 0, i64 %zext_ln342" [E:/Dev/QianSai/mipi_dp_vivado/mipi_dp.runs/design_1_v_gamma_lut_0_0_synth_1/prj/sol/.autopilot/db/v_gamma_lut.cpp:342->E:/Dev/QianSai/mipi_dp_vivado/mipi_dp.runs/design_1_v_gamma_lut_0_0_synth_1/prj/sol/.autopilot/db/v_gamma_lut.cpp:146]   --->   Operation 26 'getelementptr' 'lut_2_addr' <Predicate = true> <Delay = 0.00>
ST_2 : Operation 27 [2/2] (1.35ns)   --->   "%lut_2_load = load i10 %lut_2_addr" [E:/Dev/QianSai/mipi_dp_vivado/mipi_dp.runs/design_1_v_gamma_lut_0_0_synth_1/prj/sol/.autopilot/db/v_gamma_lut.cpp:342->E:/Dev/QianSai/mipi_dp_vivado/mipi_dp.runs/design_1_v_gamma_lut_0_0_synth_1/prj/sol/.autopilot/db/v_gamma_lut.cpp:146]   --->   Operation 27 'load' 'lut_2_load' <Predicate = true> <Delay = 1.35> <CoreInst = "RAM">   --->   Core 82 'RAM' <Latency = 1> <II = 1> <Delay = 1.35> <Storage> <Opcode : 'load' 'store'> <Ports = 2> <Width = 10> <Depth = 1024> <RAM>
ST_2 : Operation 28 [1/1] (0.00ns)   --->   "%zext_ln343 = zext i10 %r" [E:/Dev/QianSai/mipi_dp_vivado/mipi_dp.runs/design_1_v_gamma_lut_0_0_synth_1/prj/sol/.autopilot/db/v_gamma_lut.cpp:343->E:/Dev/QianSai/mipi_dp_vivado/mipi_dp.runs/design_1_v_gamma_lut_0_0_synth_1/prj/sol/.autopilot/db/v_gamma_lut.cpp:146]   --->   Operation 28 'zext' 'zext_ln343' <Predicate = true> <Delay = 0.00>
ST_2 : Operation 29 [1/1] (0.00ns)   --->   "%lut_0_addr = getelementptr i10 %lut_0, i64 0, i64 %zext_ln343" [E:/Dev/QianSai/mipi_dp_vivado/mipi_dp.runs/design_1_v_gamma_lut_0_0_synth_1/prj/sol/.autopilot/db/v_gamma_lut.cpp:343->E:/Dev/QianSai/mipi_dp_vivado/mipi_dp.runs/design_1_v_gamma_lut_0_0_synth_1/prj/sol/.autopilot/db/v_gamma_lut.cpp:146]   --->   Operation 29 'getelementptr' 'lut_0_addr' <Predicate = true> <Delay = 0.00>
ST_2 : Operation 30 [2/2] (1.35ns)   --->   "%lut_0_load = load i10 %lut_0_addr" [E:/Dev/QianSai/mipi_dp_vivado/mipi_dp.runs/design_1_v_gamma_lut_0_0_synth_1/prj/sol/.autopilot/db/v_gamma_lut.cpp:343->E:/Dev/QianSai/mipi_dp_vivado/mipi_dp.runs/design_1_v_gamma_lut_0_0_synth_1/prj/sol/.autopilot/db/v_gamma_lut.cpp:146]   --->   Operation 30 'load' 'lut_0_load' <Predicate = true> <Delay = 1.35> <CoreInst = "RAM">   --->   Core 82 'RAM' <Latency = 1> <II = 1> <Delay = 1.35> <Storage> <Opcode : 'load' 'store'> <Ports = 2> <Width = 10> <Depth = 1024> <RAM>
ST_2 : Operation 39 [1/1] (0.48ns)   --->   "%ret_ln0 = ret"   --->   Operation 39 'ret' 'ret_ln0' <Predicate = (icmp_ln327)> <Delay = 0.48>

State 3 <SV = 2> <Delay = 3.60>
ST_3 : Operation 31 [1/1] (0.00ns)   --->   "%specpipeline_ln331 = specpipeline void @_ssdm_op_SpecPipeline, i32 4294967295, i32 0, i32 0, i32 0, void @empty_3" [E:/Dev/QianSai/mipi_dp_vivado/mipi_dp.runs/design_1_v_gamma_lut_0_0_synth_1/prj/sol/.autopilot/db/v_gamma_lut.cpp:331->E:/Dev/QianSai/mipi_dp_vivado/mipi_dp.runs/design_1_v_gamma_lut_0_0_synth_1/prj/sol/.autopilot/db/v_gamma_lut.cpp:146]   --->   Operation 31 'specpipeline' 'specpipeline_ln331' <Predicate = true> <Delay = 0.00>
ST_3 : Operation 32 [1/1] (0.00ns)   --->   "%specloopname_ln327 = specloopname void @_ssdm_op_SpecLoopName, void @empty_22" [E:/Dev/QianSai/mipi_dp_vivado/mipi_dp.runs/design_1_v_gamma_lut_0_0_synth_1/prj/sol/.autopilot/db/v_gamma_lut.cpp:327->E:/Dev/QianSai/mipi_dp_vivado/mipi_dp.runs/design_1_v_gamma_lut_0_0_synth_1/prj/sol/.autopilot/db/v_gamma_lut.cpp:146]   --->   Operation 32 'specloopname' 'specloopname_ln327' <Predicate = true> <Delay = 0.00>
ST_3 : Operation 33 [1/2] ( I:1.35ns O:1.35ns )   --->   "%lut_1_load = load i10 %lut_1_addr" [E:/Dev/QianSai/mipi_dp_vivado/mipi_dp.runs/design_1_v_gamma_lut_0_0_synth_1/prj/sol/.autopilot/db/v_gamma_lut.cpp:341->E:/Dev/QianSai/mipi_dp_vivado/mipi_dp.runs/design_1_v_gamma_lut_0_0_synth_1/prj/sol/.autopilot/db/v_gamma_lut.cpp:146]   --->   Operation 33 'load' 'lut_1_load' <Predicate = true> <Delay = 1.35> <CoreInst = "RAM">   --->   Core 82 'RAM' <Latency = 1> <II = 1> <Delay = 1.35> <Storage> <Opcode : 'load' 'store'> <Ports = 2> <Width = 10> <Depth = 1024> <RAM>
ST_3 : Operation 34 [1/2] ( I:1.35ns O:1.35ns )   --->   "%lut_2_load = load i10 %lut_2_addr" [E:/Dev/QianSai/mipi_dp_vivado/mipi_dp.runs/design_1_v_gamma_lut_0_0_synth_1/prj/sol/.autopilot/db/v_gamma_lut.cpp:342->E:/Dev/QianSai/mipi_dp_vivado/mipi_dp.runs/design_1_v_gamma_lut_0_0_synth_1/prj/sol/.autopilot/db/v_gamma_lut.cpp:146]   --->   Operation 34 'load' 'lut_2_load' <Predicate = true> <Delay = 1.35> <CoreInst = "RAM">   --->   Core 82 'RAM' <Latency = 1> <II = 1> <Delay = 1.35> <Storage> <Opcode : 'load' 'store'> <Ports = 2> <Width = 10> <Depth = 1024> <RAM>
ST_3 : Operation 35 [1/2] ( I:1.35ns O:1.35ns )   --->   "%lut_0_load = load i10 %lut_0_addr" [E:/Dev/QianSai/mipi_dp_vivado/mipi_dp.runs/design_1_v_gamma_lut_0_0_synth_1/prj/sol/.autopilot/db/v_gamma_lut.cpp:343->E:/Dev/QianSai/mipi_dp_vivado/mipi_dp.runs/design_1_v_gamma_lut_0_0_synth_1/prj/sol/.autopilot/db/v_gamma_lut.cpp:146]   --->   Operation 35 'load' 'lut_0_load' <Predicate = true> <Delay = 1.35> <CoreInst = "RAM">   --->   Core 82 'RAM' <Latency = 1> <II = 1> <Delay = 1.35> <Storage> <Opcode : 'load' 'store'> <Ports = 2> <Width = 10> <Depth = 1024> <RAM>
ST_3 : Operation 36 [1/1] (0.00ns)   --->   "%or_ln345_3_i = bitconcatenate i30 @_ssdm_op_BitConcatenate.i30.i10.i10.i10, i10 %lut_0_load, i10 %lut_2_load, i10 %lut_1_load" [E:/Dev/QianSai/mipi_dp_vivado/mipi_dp.runs/design_1_v_gamma_lut_0_0_synth_1/prj/sol/.autopilot/db/v_gamma_lut.cpp:345->E:/Dev/QianSai/mipi_dp_vivado/mipi_dp.runs/design_1_v_gamma_lut_0_0_synth_1/prj/sol/.autopilot/db/v_gamma_lut.cpp:146]   --->   Operation 36 'bitconcatenate' 'or_ln345_3_i' <Predicate = true> <Delay = 0.00>
ST_3 : Operation 37 [1/1] ( I:2.25ns O:2.25ns )   --->   "%write_ln345 = write void @_ssdm_op_Write.ap_fifo.volatile.i30P0A, i30 %imgGamma, i30 %or_ln345_3_i" [E:/Dev/QianSai/mipi_dp_vivado/mipi_dp.runs/design_1_v_gamma_lut_0_0_synth_1/prj/sol/.autopilot/db/v_gamma_lut.cpp:345->E:/Dev/QianSai/mipi_dp_vivado/mipi_dp.runs/design_1_v_gamma_lut_0_0_synth_1/prj/sol/.autopilot/db/v_gamma_lut.cpp:146]   --->   Operation 37 'write' 'write_ln345' <Predicate = true> <Delay = 2.25> <CoreInst = "FIFO_SRL">   --->   Core 80 'FIFO_SRL' <Latency = 0> <II = 1> <Delay = 2.25> <Storage> <Opcode : 'read' 'write' 'nbread' 'nbwrite'> <Ports = 0> <Width = 30> <Depth = 16> <FIFO>
ST_3 : Operation 38 [1/1] (0.00ns)   --->   "%br_ln327 = br void %VITIS_LOOP_335_5.i" [E:/Dev/QianSai/mipi_dp_vivado/mipi_dp.runs/design_1_v_gamma_lut_0_0_synth_1/prj/sol/.autopilot/db/v_gamma_lut.cpp:327->E:/Dev/QianSai/mipi_dp_vivado/mipi_dp.runs/design_1_v_gamma_lut_0_0_synth_1/prj/sol/.autopilot/db/v_gamma_lut.cpp:146]   --->   Operation 38 'br' 'br_ln327' <Predicate = true> <Delay = 0.00>


============================================================
+ Verbose Summary: Timing violations
============================================================
Target clock period: 6.667ns, clock uncertainty: 1.800ns.

 <State 1>: 1.926ns
The critical path consists of the following:
	'store' operation 0 bit ('store_ln303', E:/Dev/QianSai/mipi_dp_vivado/mipi_dp.runs/design_1_v_gamma_lut_0_0_synth_1/prj/sol/.autopilot/db/v_gamma_lut.cpp:303->E:/Dev/QianSai/mipi_dp_vivado/mipi_dp.runs/design_1_v_gamma_lut_0_0_synth_1/prj/sol/.autopilot/db/v_gamma_lut.cpp:146) of constant 0 on local variable 'x', E:/Dev/QianSai/mipi_dp_vivado/mipi_dp.runs/design_1_v_gamma_lut_0_0_synth_1/prj/sol/.autopilot/db/v_gamma_lut.cpp:303->E:/Dev/QianSai/mipi_dp_vivado/mipi_dp.runs/design_1_v_gamma_lut_0_0_synth_1/prj/sol/.autopilot/db/v_gamma_lut.cpp:146 [11]  (0.489 ns)
	'load' operation 11 bit ('x', E:/Dev/QianSai/mipi_dp_vivado/mipi_dp.runs/design_1_v_gamma_lut_0_0_synth_1/prj/sol/.autopilot/db/v_gamma_lut.cpp:327->E:/Dev/QianSai/mipi_dp_vivado/mipi_dp.runs/design_1_v_gamma_lut_0_0_synth_1/prj/sol/.autopilot/db/v_gamma_lut.cpp:146) on local variable 'x', E:/Dev/QianSai/mipi_dp_vivado/mipi_dp.runs/design_1_v_gamma_lut_0_0_synth_1/prj/sol/.autopilot/db/v_gamma_lut.cpp:303->E:/Dev/QianSai/mipi_dp_vivado/mipi_dp.runs/design_1_v_gamma_lut_0_0_synth_1/prj/sol/.autopilot/db/v_gamma_lut.cpp:146 [14]  (0.000 ns)
	'icmp' operation 1 bit ('icmp_ln327', E:/Dev/QianSai/mipi_dp_vivado/mipi_dp.runs/design_1_v_gamma_lut_0_0_synth_1/prj/sol/.autopilot/db/v_gamma_lut.cpp:327->E:/Dev/QianSai/mipi_dp_vivado/mipi_dp.runs/design_1_v_gamma_lut_0_0_synth_1/prj/sol/.autopilot/db/v_gamma_lut.cpp:146) [15]  (0.948 ns)
	'store' operation 0 bit ('store_ln303', E:/Dev/QianSai/mipi_dp_vivado/mipi_dp.runs/design_1_v_gamma_lut_0_0_synth_1/prj/sol/.autopilot/db/v_gamma_lut.cpp:303->E:/Dev/QianSai/mipi_dp_vivado/mipi_dp.runs/design_1_v_gamma_lut_0_0_synth_1/prj/sol/.autopilot/db/v_gamma_lut.cpp:146) of variable 'x', E:/Dev/QianSai/mipi_dp_vivado/mipi_dp.runs/design_1_v_gamma_lut_0_0_synth_1/prj/sol/.autopilot/db/v_gamma_lut.cpp:327->E:/Dev/QianSai/mipi_dp_vivado/mipi_dp.runs/design_1_v_gamma_lut_0_0_synth_1/prj/sol/.autopilot/db/v_gamma_lut.cpp:146 on local variable 'x', E:/Dev/QianSai/mipi_dp_vivado/mipi_dp.runs/design_1_v_gamma_lut_0_0_synth_1/prj/sol/.autopilot/db/v_gamma_lut.cpp:303->E:/Dev/QianSai/mipi_dp_vivado/mipi_dp.runs/design_1_v_gamma_lut_0_0_synth_1/prj/sol/.autopilot/db/v_gamma_lut.cpp:146 [37]  (0.489 ns)

 <State 2>: 3.608ns
The critical path consists of the following:
	fifo read operation ('imgRgb_read', E:/Dev/QianSai/mipi_dp_vivado/mipi_dp.runs/design_1_v_gamma_lut_0_0_synth_1/prj/sol/.autopilot/db/v_gamma_lut.cpp:333->E:/Dev/QianSai/mipi_dp_vivado/mipi_dp.runs/design_1_v_gamma_lut_0_0_synth_1/prj/sol/.autopilot/db/v_gamma_lut.cpp:146) on port 'imgRgb' (E:/Dev/QianSai/mipi_dp_vivado/mipi_dp.runs/design_1_v_gamma_lut_0_0_synth_1/prj/sol/.autopilot/db/v_gamma_lut.cpp:333->E:/Dev/QianSai/mipi_dp_vivado/mipi_dp.runs/design_1_v_gamma_lut_0_0_synth_1/prj/sol/.autopilot/db/v_gamma_lut.cpp:146) [22]  (2.256 ns)
	'getelementptr' operation 10 bit ('lut_1_addr', E:/Dev/QianSai/mipi_dp_vivado/mipi_dp.runs/design_1_v_gamma_lut_0_0_synth_1/prj/sol/.autopilot/db/v_gamma_lut.cpp:341->E:/Dev/QianSai/mipi_dp_vivado/mipi_dp.runs/design_1_v_gamma_lut_0_0_synth_1/prj/sol/.autopilot/db/v_gamma_lut.cpp:146) [27]  (0.000 ns)
	'load' operation 10 bit ('lut_1_load', E:/Dev/QianSai/mipi_dp_vivado/mipi_dp.runs/design_1_v_gamma_lut_0_0_synth_1/prj/sol/.autopilot/db/v_gamma_lut.cpp:341->E:/Dev/QianSai/mipi_dp_vivado/mipi_dp.runs/design_1_v_gamma_lut_0_0_synth_1/prj/sol/.autopilot/db/v_gamma_lut.cpp:146) on array 'lut_1' [28]  (1.352 ns)

 <State 3>: 3.608ns
The critical path consists of the following:
	'load' operation 10 bit ('lut_1_load', E:/Dev/QianSai/mipi_dp_vivado/mipi_dp.runs/design_1_v_gamma_lut_0_0_synth_1/prj/sol/.autopilot/db/v_gamma_lut.cpp:341->E:/Dev/QianSai/mipi_dp_vivado/mipi_dp.runs/design_1_v_gamma_lut_0_0_synth_1/prj/sol/.autopilot/db/v_gamma_lut.cpp:146) on array 'lut_1' [28]  (1.352 ns)
	fifo write operation ('write_ln345', E:/Dev/QianSai/mipi_dp_vivado/mipi_dp.runs/design_1_v_gamma_lut_0_0_synth_1/prj/sol/.autopilot/db/v_gamma_lut.cpp:345->E:/Dev/QianSai/mipi_dp_vivado/mipi_dp.runs/design_1_v_gamma_lut_0_0_synth_1/prj/sol/.autopilot/db/v_gamma_lut.cpp:146) on port 'imgGamma' (E:/Dev/QianSai/mipi_dp_vivado/mipi_dp.runs/design_1_v_gamma_lut_0_0_synth_1/prj/sol/.autopilot/db/v_gamma_lut.cpp:345->E:/Dev/QianSai/mipi_dp_vivado/mipi_dp.runs/design_1_v_gamma_lut_0_0_synth_1/prj/sol/.autopilot/db/v_gamma_lut.cpp:146) [36]  (2.256 ns)


============================================================
+ Verbose Summary: Binding
============================================================
N/A
* FSMD analyzer results:
  - Output states:
 - Input state : 
  - Chain level:
	State 1
	State 2
	State 3


============================================================
+ Verbose Summary: Datapath Resource usage 
============================================================
N/A
